[streambtw.com/index.html]
[backblue.gif]
[fade.gif]
[index.html]
[cdn.jsdelivr.net/npm/bootstrap@4.5.0/dist/css/bootstrap.min.css]
[cdn.jsdelivr.net/npm/bootstrap@4.5.0/dist/js/bootstrap.bundle.min.js]
[maxcdn.bootstrapcdn.com/font-awesome/4.7.0/css/font-awesome.min.css]
[streambtw.com/iframe/f1.html]
[streambtw.com/iframe/ch1.html]
[streambtw.com/iframe/moto.html]
[streambtw.com/iframe/ufc.html]
[streambtw.com/iframe/box1.html]
[streambtw.com/index.html]
[cdn.jsdelivr.net/npm/bootstrap@4.5.0/dist/css/bootstrap.min.css]
[maxcdn.bootstrapcdn.com/font-awesome/4.7.0/css/font-awesome.min.css]
[streambtw.com/cdn-cgi/scripts/7d0fa10a/cloudflare-static/rocket-loader.min.js]
[streambtw.com/iframe/box2.html]
[streambtw.com/iframe/GET.html]
[cdn.jsdelivr.net/npm/@clappr/player@latest/dist/clappr.min.js]
[streambtw.com/iframe/f1.html]
[streambtw.com/iframe/moto.html]
[cdn.jsdelivr.net/gh/clappr/clappr-level-selector-plugin@latest/dist/level-selector.min.js]
[streambtw.com/iframe/ch1.html]
[streambtw.com/iframe/box1.html]
[streambtw.com/iframe/ufc.html]
[streambtw.com/iframe/box2.html]
[streambtw.com/iframe/GET.html]
[cdn.jsdelivr.net/npm/clappr@latest/dist/clappr.min.js]
